[html.weblayoutpro.com/webplateone/gatre/indoor-cleaning.html]
[backblue.gif]
[fade.gif]
[index.html]
[html.weblayoutpro.com/webplateone/gatre/assets/images/favicons/apple-touch-icon.png]
[html.weblayoutpro.com/webplateone/gatre/assets/images/favicons/favicon-32x32.png]
[html.weblayoutpro.com/webplateone/gatre/assets/images/favicons/favicon-16x16.png]
[html.weblayoutpro.com/webplateone/gatre/assets/images/favicons/site.webmanifest]
[html.weblayoutpro.com/webplateone/gatre/assets/vendors/animate/animate.min.css]
[html.weblayoutpro.com/webplateone/gatre/assets/vendors/animate/custom-animate.css]
[html.weblayoutpro.com/webplateone/gatre/assets/vendors/bootstrap/css/bootstrap.min.css]
[html.weblayoutpro.com/webplateone/gatre/assets/vendors/bootstrap-select/css/bootstrap-select.min.css]
[html.weblayoutpro.com/webplateone/gatre/assets/vendors/bxslider/jquery.bxslider.css]
[html.weblayoutpro.com/webplateone/gatre/assets/vendors/fontawesome/css/all.min.css]
[html.weblayoutpro.com/webplateone/gatre/assets/vendors/jquery-magnific-popup/jquery.magnific-popup.css]
[html.weblayoutpro.com/webplateone/gatre/assets/vendors/jquery-ui/jquery-ui.css]
[html.weblayoutpro.com/webplateone/gatre/assets/vendors/nice-select/nice-select.css]
[html.weblayoutpro.com/webplateone/gatre/assets/vendors/nouislider/nouislider.min.css]
[html.weblayoutpro.com/webplateone/gatre/assets/vendors/nouislider/nouislider.pips.css]
[html.weblayoutpro.com/webplateone/gatre/assets/vendors/odometer/odometer.min.css]
[html.weblayoutpro.com/webplateone/gatre/assets/vendors/owl-carousel/owl.carousel.min.css]
[html.weblayoutpro.com/webplateone/gatre/assets/vendors/owl-carousel/owl.theme.default.min.css]
[html.weblayoutpro.com/webplateone/gatre/assets/vendors/swiper/swiper.min.css]
[html.weblayoutpro.com/webplateone/gatre/assets/vendors/timepicker/timePicker.css]
[html.weblayoutpro.com/webplateone/gatre/assets/vendors/tiny-slider/tiny-slider.min.css]
[html.weblayoutpro.com/webplateone/gatre/assets/vendors/vegas/vegas.min.css]
[html.weblayoutpro.com/webplateone/gatre/assets/vendors/thm-icons/style.css]
[html.weblayoutpro.com/webplateone/gatre/assets/vendors/slick-slider/slick.css]
[html.weblayoutpro.com/webplateone/gatre/assets/vendors/language-switcher/polyglot-language-switcher.css]
[html.weblayoutpro.com/webplateone/gatre/assets/css/style.css]
[html.weblayoutpro.com/webplateone/gatre/assets/css/responsive.css]
[html.weblayoutpro.com/webplateone/gatre/index.html]
[html.weblayoutpro.com/webplateone/gatre/assets/images/resources/logo-1.png]
[html.weblayoutpro.com/webplateone/gatre/index-2.html]
[html.weblayoutpro.com/webplateone/gatre/index-3.html]
[html.weblayoutpro.com/webplateone/gatre/about.html]
[html.weblayoutpro.com/webplateone/gatre/services.html]
[html.weblayoutpro.com/webplateone/gatre/window-cleaning.html]
[html.weblayoutpro.com/webplateone/gatre/house-cleaning.html]
[html.weblayoutpro.com/webplateone/gatre/carpet-cleaning.html]
[html.weblayoutpro.com/webplateone/gatre/kitchen-cleaning.html]
[html.weblayoutpro.com/webplateone/gatre/team.html]
[html.weblayoutpro.com/webplateone/gatre/team-details.html]
[html.weblayoutpro.com/webplateone/gatre/project.html]
[html.weblayoutpro.com/webplateone/gatre/appointment.html]
[html.weblayoutpro.com/webplateone/gatre/shop.html]
[html.weblayoutpro.com/webplateone/gatre/shop-details.html]
[html.weblayoutpro.com/webplateone/gatre/cart.html]
[html.weblayoutpro.com/webplateone/gatre/checkout.html]
[html.weblayoutpro.com/webplateone/gatre/my-account.html]
[html.weblayoutpro.com/webplateone/gatre/blog.html]
[html.weblayoutpro.com/webplateone/gatre/blog-details.html]
[html.weblayoutpro.com/webplateone/gatre/contact.html]
[html.weblayoutpro.com/webplateone/gatre/assets/images/resources/page-header-bg.jpg]
[html.weblayoutpro.com/webplateone/gatre/assets/images/shapes/thm-shape1.png]
[html.weblayoutpro.com/webplateone/gatre/assets/images/shapes/bubbles-four.png]
[html.weblayoutpro.com/webplateone/gatre/assets/images/shapes/bubbles-six.png]
[html.weblayoutpro.com/webplateone/gatre/assets/images/shapes/bubbles-five.png]
[html.weblayoutpro.com/webplateone/gatre/assets/images/resources/services-details-img4.jpg]
[html.weblayoutpro.com/webplateone/gatre/assets/images/resources/services-details-img2.jpg]
[html.weblayoutpro.com/webplateone/gatre/assets/images/resources/services-details-img3.jpg]
[html.weblayoutpro.com/webplateone/gatre/assets/images/backgrounds/footer-top-bg.jpg]
[html.weblayoutpro.com/webplateone/gatre/assets/images/shapes/footer-v1-shape3.png]
[html.weblayoutpro.com/webplateone/gatre/assets/images/shapes/footer-v1-shape4.png]
[html.weblayoutpro.com/webplateone/gatre/assets/images/pattern/footer-v1-pattern.png]
[html.weblayoutpro.com/webplateone/gatre/assets/images/shapes/footer-v1-shape1.png]
[html.weblayoutpro.com/webplateone/gatre/assets/images/shapes/footer-v1-shape2.png]
[html.weblayoutpro.com/webplateone/gatre/assets/images/resources/footer-v1-img1.jpg]
[html.weblayoutpro.com/webplateone/gatre/assets/images/resources/footer-v1-img2.jpg]
[html.weblayoutpro.com/webplateone/gatre/assets/images/resources/mobile-nav-logo.png]
[html.weblayoutpro.com/webplateone/gatre/assets/vendors/jquery/jquery-3.6.0.min.js]
[html.weblayoutpro.com/webplateone/gatre/assets/vendors/bootstrap/js/bootstrap.bundle.min.js]
[html.weblayoutpro.com/webplateone/gatre/assets/vendors/bootstrap-select/js/bootstrap-select.min.js]
[html.weblayoutpro.com/webplateone/gatre/assets/vendors/bxslider/jquery.bxslider.min.js]
[html.weblayoutpro.com/webplateone/gatre/assets/vendors/circleType/jquery.circleType.js]
[html.weblayoutpro.com/webplateone/gatre/assets/vendors/circleType/jquery.lettering.min.js]
[html.weblayoutpro.com/webplateone/gatre/assets/vendors/isotope/isotope.js]
[html.weblayoutpro.com/webplateone/gatre/assets/vendors/jquery-ajaxchimp/jquery.ajaxchimp.min.js]
[html.weblayoutpro.com/webplateone/gatre/assets/vendors/jquery-appear/jquery.appear.min.js]
[html.weblayoutpro.com/webplateone/gatre/assets/vendors/jquery-magnific-popup/jquery.magnific-popup.min.js]
[html.weblayoutpro.com/webplateone/gatre/assets/vendors/jquery-migrate/jquery-migrate.min.js]
[html.weblayoutpro.com/webplateone/gatre/assets/vendors/jquery-validate/jquery.validate.min.js]
[html.weblayoutpro.com/webplateone/gatre/assets/vendors/nice-select/jquery.nice-select.min.js]
[html.weblayoutpro.com/webplateone/gatre/assets/vendors/jquery-ui/jquery-ui.js]
[html.weblayoutpro.com/webplateone/gatre/assets/vendors/nouislider/nouislider.min.js]
[html.weblayoutpro.com/webplateone/gatre/assets/vendors/odometer/odometer.min.js]
[html.weblayoutpro.com/webplateone/gatre/assets/vendors/owl-carousel/owl.carousel.min.js]
[html.weblayoutpro.com/webplateone/gatre/assets/vendors/parallax/parallax.min.js]
[html.weblayoutpro.com/webplateone/gatre/assets/vendors/swiper/swiper.min.js]
[html.weblayoutpro.com/webplateone/gatre/assets/vendors/timepicker/timePicker.js]
[html.weblayoutpro.com/webplateone/gatre/assets/vendors/tiny-slider/tiny-slider.min.js]
[html.weblayoutpro.com/webplateone/gatre/assets/vendors/typed-2.0.11/typed-2.0.11.js]
[html.weblayoutpro.com/webplateone/gatre/assets/vendors/vegas/vegas.min.js]
[html.weblayoutpro.com/webplateone/gatre/assets/vendors/wnumb/wNumb.min.js]
[html.weblayoutpro.com/webplateone/gatre/assets/vendors/wow/wow.js]
[html.weblayoutpro.com/webplateone/gatre/assets/vendors/language-switcher/jquery.polyglot.language.switcher.js]
[html.weblayoutpro.com/webplateone/gatre/assets/vendors/jarallax/jarallax.min.js]
[html.weblayoutpro.com/webplateone/gatre/assets/vendors/slick-slider/slick.js]
[html.weblayoutpro.com/webplateone/gatre/assets/vendors/jquery-circle-progress/jquery.circle-progress.min.js]
[html.weblayoutpro.com/webplateone/gatre/assets/vendors/progress-bar/knob.js]
[html.weblayoutpro.com/webplateone/gatre/assets/js/custom.js]
[html.weblayoutpro.com/webplateone/gatre/indoor-cleaning.html]
[html.weblayoutpro.com/webplateone/gatre/assets/vendors/animate/animate.min.css]
[html.weblayoutpro.com/webplateone/gatre/assets/vendors/animate/custom-animate.css]
[html.weblayoutpro.com/webplateone/gatre/assets/vendors/bootstrap/css/bootstrap.min.css]
[html.weblayoutpro.com/webplateone/gatre/assets/vendors/bootstrap-select/css/bootstrap-select.min.css]
[html.weblayoutpro.com/webplateone/gatre/assets/vendors/bxslider/jquery.bxslider.css]
[html.weblayoutpro.com/webplateone/gatre/assets/vendors/fontawesome/webfonts/fa-brands-400.eot]
[html.weblayoutpro.com/webplateone/gatre/assets/vendors/fontawesome/webfonts/fa-brands-400d41d.eot]
[html.weblayoutpro.com/webplateone/gatre/assets/vendors/fontawesome/webfonts/fa-brands-400.woff2]
[html.weblayoutpro.com/webplateone/gatre/assets/vendors/fontawesome/webfonts/fa-brands-400.woff]
[html.weblayoutpro.com/webplateone/gatre/assets/vendors/fontawesome/webfonts/fa-brands-400.ttf]
[html.weblayoutpro.com/webplateone/gatre/assets/vendors/fontawesome/webfonts/fa-regular-400.eot]
[html.weblayoutpro.com/webplateone/gatre/assets/vendors/fontawesome/webfonts/fa-brands-400.svg]
[html.weblayoutpro.com/webplateone/gatre/assets/vendors/fontawesome/webfonts/fa-regular-400d41d.eot]
[html.weblayoutpro.com/webplateone/gatre/assets/vendors/fontawesome/webfonts/fa-regular-400.woff2]
[html.weblayoutpro.com/webplateone/gatre/assets/vendors/fontawesome/webfonts/fa-regular-400.woff]
[html.weblayoutpro.com/webplateone/gatre/assets/vendors/fontawesome/webfonts/fa-regular-400.ttf]
[html.weblayoutpro.com/webplateone/gatre/assets/vendors/fontawesome/webfonts/fa-regular-400.svg]
[html.weblayoutpro.com/webplateone/gatre/assets/vendors/fontawesome/webfonts/fa-solid-900.eot]
[html.weblayoutpro.com/webplateone/gatre/assets/vendors/fontawesome/webfonts/fa-solid-900d41d.eot]
[html.weblayoutpro.com/webplateone/gatre/assets/vendors/fontawesome/webfonts/fa-solid-900.woff2]
[html.weblayoutpro.com/webplateone/gatre/assets/vendors/fontawesome/webfonts/fa-solid-900.woff]
[html.weblayoutpro.com/webplateone/gatre/assets/vendors/fontawesome/webfonts/fa-solid-900.ttf]
[html.weblayoutpro.com/webplateone/gatre/assets/vendors/fontawesome/css/all.min.css]
[html.weblayoutpro.com/webplateone/gatre/assets/vendors/jquery-magnific-popup/jquery.magnific-popup.css]
[html.weblayoutpro.com/webplateone/gatre/assets/vendors/jquery-ui/images/ui-bg_highlight-soft_75_cccccc_1x100.png]
[html.weblayoutpro.com/webplateone/gatre/assets/vendors/jquery-ui/images/ui-bg_glass_75_e6e6e6_1x400.png]
[html.weblayoutpro.com/webplateone/gatre/assets/vendors/fontawesome/webfonts/fa-solid-900.svg]
[html.weblayoutpro.com/webplateone/gatre/assets/vendors/jquery-ui/images/ui-bg_glass_75_dadada_1x400.png]
[html.weblayoutpro.com/webplateone/gatre/assets/vendors/jquery-ui/images/ui-bg_glass_65_ffffff_1x400.png]
[html.weblayoutpro.com/webplateone/gatre/assets/vendors/jquery-ui/images/ui-bg_glass_55_fbf9ee_1x400.png]
[html.weblayoutpro.com/webplateone/gatre/assets/vendors/jquery-ui/images/ui-bg_glass_95_fef1ec_1x400.png]
[html.weblayoutpro.com/webplateone/gatre/assets/vendors/jquery-ui/images/ui-icons_222222_256x240.png]
[html.weblayoutpro.com/webplateone/gatre/assets/vendors/jquery-ui/images/ui-icons_888888_256x240.png]
[html.weblayoutpro.com/webplateone/gatre/assets/vendors/jquery-ui/images/ui-icons_454545_256x240.png]
[html.weblayoutpro.com/webplateone/gatre/assets/vendors/jquery-ui/images/ui-icons_2e83ff_256x240.png]
[html.weblayoutpro.com/webplateone/gatre/assets/vendors/jquery-ui/images/ui-icons_cd0a0a_256x240.png]
[html.weblayoutpro.com/webplateone/gatre/assets/vendors/jquery-ui/jquery-ui.css]
[html.weblayoutpro.com/webplateone/gatre/assets/vendors/nice-select/nice-select.css]
[html.weblayoutpro.com/webplateone/gatre/assets/vendors/nouislider/nouislider.min.css]
[html.weblayoutpro.com/webplateone/gatre/assets/vendors/nouislider/nouislider.pips.css]
[html.weblayoutpro.com/webplateone/gatre/assets/vendors/odometer/odometer.min.css]
[html.weblayoutpro.com/webplateone/gatre/assets/vendors/owl-carousel/owl.carousel.min.css]
[html.weblayoutpro.com/webplateone/gatre/assets/vendors/owl-carousel/owl.theme.default.min.css]
[html.weblayoutpro.com/webplateone/gatre/assets/vendors/swiper/swiper.min.css]
[html.weblayoutpro.com/webplateone/gatre/assets/vendors/timepicker/timePicker.css]
[html.weblayoutpro.com/webplateone/gatre/assets/vendors/tiny-slider/tiny-slider.min.css]
[html.weblayoutpro.com/webplateone/gatre/assets/vendors/vegas/vegas.min.css]
[html.weblayoutpro.com/webplateone/gatre/assets/vendors/thm-icons/fonts/icomoon78ed.eot]
[html.weblayoutpro.com/webplateone/gatre/assets/vendors/thm-icons/fonts/icomoon78ed.ttf]
[html.weblayoutpro.com/webplateone/gatre/assets/vendors/thm-icons/fonts/icomoon78ed.woff]
[html.weblayoutpro.com/webplateone/gatre/assets/vendors/thm-icons/style.css]
[html.weblayoutpro.com/webplateone/gatre/assets/vendors/slick-slider/slick.css]
[html.weblayoutpro.com/webplateone/gatre/assets/vendors/thm-icons/fonts/icomoon78ed.svg]
[html.weblayoutpro.com/webplateone/gatre/assets/vendors/language-switcher/en.png]
[html.weblayoutpro.com/webplateone/gatre/assets/vendors/language-switcher/fr.png]
[html.weblayoutpro.com/webplateone/gatre/assets/vendors/language-switcher/de.png]
[html.weblayoutpro.com/webplateone/gatre/assets/vendors/language-switcher/it.png]
[html.weblayoutpro.com/webplateone/gatre/assets/vendors/language-switcher/es.png]
[html.weblayoutpro.com/webplateone/gatre/assets/vendors/language-switcher/polyglot-language-switcher.css]
[html.weblayoutpro.com/webplateone/gatre/assets/css/style.css]
[html.weblayoutpro.com/webplateone/gatre/assets/css/responsive.css]
[html.weblayoutpro.com/webplateone/gatre/assets/images/slides/main-slider-v1-img1.jpg]
[html.weblayoutpro.com/webplateone/gatre/assets/images/backgrounds/main-slider-v1-bg.png]
[html.weblayoutpro.com/webplateone/gatre/assets/images/shapes/about-v1-shape1.png]
[html.weblayoutpro.com/webplateone/gatre/assets/images/about/about-v1-img1.jpg]
[html.weblayoutpro.com/webplateone/gatre/assets/images/about/about-v1-img2.jpg]
[html.weblayoutpro.com/webplateone/gatre/assets/images/about/about-v1-img3.jpg]
[html.weblayoutpro.com/webplateone/gatre/assets/images/backgrounds/cta-v1-bg.jpg]
[html.weblayoutpro.com/webplateone/gatre/assets/images/backgrounds/features-v1-bg.jpg]
[html.weblayoutpro.com/webplateone/gatre/assets/images/resources/features-v2-img.jpg]
[html.weblayoutpro.com/webplateone/gatre/assets/images/shapes/counter-v1-shape1.png]
[html.weblayoutpro.com/webplateone/gatre/assets/images/project/portfolio-v1-img1.jpg]
[html.weblayoutpro.com/webplateone/gatre/assets/images/project/portfolio-v1-img2.jpg]
[html.weblayoutpro.com/webplateone/gatre/assets/images/project/portfolio-v1-img3.jpg]
[html.weblayoutpro.com/webplateone/gatre/assets/images/project/portfolio-v1-img4.jpg]
[html.weblayoutpro.com/webplateone/gatre/assets/images/shapes/bubbles-one.png]
[html.weblayoutpro.com/webplateone/gatre/assets/images/shapes/bubbles-two.png]
[html.weblayoutpro.com/webplateone/gatre/assets/images/shapes/bubbles-three.png]
[html.weblayoutpro.com/webplateone/gatre/assets/images/team/team-v1-img1.jpg]
[html.weblayoutpro.com/webplateone/gatre/assets/images/team/team-v1-img2.jpg]
[html.weblayoutpro.com/webplateone/gatre/assets/images/team/team-v1-img3.jpg]
[html.weblayoutpro.com/webplateone/gatre/assets/images/team/team-v1-img4.jpg]
[html.weblayoutpro.com/webplateone/gatre/assets/images/resources/brand-v1-bg.jpg]
[html.weblayoutpro.com/webplateone/gatre/assets/images/brand/brand-v1-img1.png]
[html.weblayoutpro.com/webplateone/gatre/assets/images/brand/brand-v1-img2.png]
[html.weblayoutpro.com/webplateone/gatre/assets/images/brand/brand-v1-img3.png]
[html.weblayoutpro.com/webplateone/gatre/assets/images/brand/brand-v1-img4.png]
[html.weblayoutpro.com/webplateone/gatre/assets/images/brand/brand-v1-img5.png]
[html.weblayoutpro.com/webplateone/gatre/assets/images/brand/brand-v1-img6.png]
[html.weblayoutpro.com/webplateone/gatre/assets/images/resources/pricing-plan-v1-img1.jpg]
[html.weblayoutpro.com/webplateone/gatre/assets/images/shapes/pricing-plan-v1-shape1.png]
[html.weblayoutpro.com/webplateone/gatre/assets/images/resources/pricing-plan-v1-img2.jpg]
[html.weblayoutpro.com/webplateone/gatre/assets/images/resources/pricing-plan-v1-img3.jpg]
[html.weblayoutpro.com/webplateone/gatre/assets/images/backgrounds/slogan-v1-bg.jpg]
[html.weblayoutpro.com/webplateone/gatre/assets/images/testimonial/testimonials-v1-img1.jpg]
[html.weblayoutpro.com/webplateone/gatre/assets/images/blog/blog-v1-img1.jpg]
[html.weblayoutpro.com/webplateone/gatre/assets/images/blog/blog-v1-img2.jpg]
[html.weblayoutpro.com/webplateone/gatre/assets/images/blog/blog-v1-img3.jpg]
[html.weblayoutpro.com/webplateone/gatre/index.html]
[html.weblayoutpro.com/webplateone/gatre/assets/images/slides/main-slider-v2-img1.jpg]
[html.weblayoutpro.com/webplateone/gatre/assets/images/shapes/main-slider-v2-shape1.png]
[html.weblayoutpro.com/webplateone/gatre/assets/images/shapes/main-slider-v2-shape2.png]
[html.weblayoutpro.com/webplateone/gatre/assets/images/shapes/main-slider-v2-shape3.png]
[html.weblayoutpro.com/webplateone/gatre/assets/images/shapes/main-slider-v2-shape4.png]
[html.weblayoutpro.com/webplateone/gatre/assets/images/slides/main-slider-v2-img2.jpg]
[html.weblayoutpro.com/webplateone/gatre/assets/images/shapes/thm-shape2.png]
[html.weblayoutpro.com/webplateone/gatre/assets/images/pattern/about-v2-pattern.png]
[html.weblayoutpro.com/webplateone/gatre/assets/images/shapes/about-v2-shape1.png]
[html.weblayoutpro.com/webplateone/gatre/assets/images/about/about-v2-img1.jpg]
[html.weblayoutpro.com/webplateone/gatre/assets/images/about/about-v2-img4.jpg]
[html.weblayoutpro.com/webplateone/gatre/assets/images/about/about-v2-img2.jpg]
[html.weblayoutpro.com/webplateone/gatre/assets/images/about/about-v2-img3.jpg]
[html.weblayoutpro.com/webplateone/gatre/assets/images/resources/gallery-v1-img1.jpg]
[html.weblayoutpro.com/webplateone/gatre/assets/images/resources/gallery-v1-img2.jpg]
[html.weblayoutpro.com/webplateone/gatre/assets/images/resources/gallery-v1-img3.jpg]
[html.weblayoutpro.com/webplateone/gatre/assets/images/resources/gallery-v1-img4.jpg]
[html.weblayoutpro.com/webplateone/gatre/assets/images/resources/gallery-v1-img5.jpg]
[html.weblayoutpro.com/webplateone/gatre/assets/images/resources/services-v2-img1.png]
[html.weblayoutpro.com/webplateone/gatre/assets/images/resources/services-v2-img2.png]
[html.weblayoutpro.com/webplateone/gatre/assets/images/resources/services-v2-img3.png]
[html.weblayoutpro.com/webplateone/gatre/assets/images/resources/services-v2-img4.png]
[html.weblayoutpro.com/webplateone/gatre/assets/images/pattern/banefits-v1-pattern.png]
[html.weblayoutpro.com/webplateone/gatre/assets/images/resources/banefits-v1-img1.jpg]
[html.weblayoutpro.com/webplateone/gatre/assets/images/testimonial/testimonials-v2-7.png]
[html.weblayoutpro.com/webplateone/gatre/assets/images/testimonial/testimonials-v2-1.png]
[html.weblayoutpro.com/webplateone/gatre/assets/images/testimonial/testimonials-v2-2.png]
[html.weblayoutpro.com/webplateone/gatre/assets/images/testimonial/testimonials-v2-3.png]
[html.weblayoutpro.com/webplateone/gatre/assets/images/testimonial/testimonials-v2-4.png]
[html.weblayoutpro.com/webplateone/gatre/assets/images/testimonial/testimonials-v2-5.png]
[html.weblayoutpro.com/webplateone/gatre/assets/images/testimonial/testimonials-v2-6.png]
[html.weblayoutpro.com/webplateone/gatre/assets/images/resources/our-banefits-v1-img1.jpg]
[html.weblayoutpro.com/webplateone/gatre/assets/images/resources/our-banefits-v1-img2.jpg]
[html.weblayoutpro.com/webplateone/gatre/assets/images/resources/our-banefits-v1-img3.jpg]
[html.weblayoutpro.com/webplateone/gatre/assets/images/resources/our-banefits-v1-img4.jpg]
[html.weblayoutpro.com/webplateone/gatre/assets/images/shapes/contact-v1-shape1.png]
[html.weblayoutpro.com/webplateone/gatre/assets/images/resources/contact-v1-bg.jpg]
[html.weblayoutpro.com/webplateone/gatre/assets/images/backgrounds/pricing-plan-v2-bg.jpg]
[html.weblayoutpro.com/webplateone/gatre/assets/images/shop/poroduct-v1-img1.png]
[html.weblayoutpro.com/webplateone/gatre/assets/images/shop/poroduct-v1-img2.png]
[html.weblayoutpro.com/webplateone/gatre/assets/images/shop/poroduct-v1-img3.png]
[html.weblayoutpro.com/webplateone/gatre/assets/images/blog/blog-v2-img1.jpg]
[html.weblayoutpro.com/webplateone/gatre/assets/images/blog/blog-v2-img2.jpg]
[html.weblayoutpro.com/webplateone/gatre/assets/images/blog/blog-v2-img3.jpg]
[html.weblayoutpro.com/webplateone/gatre/assets/images/backgrounds/footer-top-bg2.jpg]
[html.weblayoutpro.com/webplateone/gatre/index-2.html]
[html.weblayoutpro.com/webplateone/gatre/assets/images/slides/main-slider-v3-img1.png]
[html.weblayoutpro.com/webplateone/gatre/assets/images/shapes/main-slider-v3-shape1.png]
[html.weblayoutpro.com/webplateone/gatre/assets/images/shapes/main-slider-v3-shape2.png]
[html.weblayoutpro.com/webplateone/gatre/assets/images/about/about-v3-img3.jpg]
[html.weblayoutpro.com/webplateone/gatre/assets/images/about/about-v3-img1.png]
[html.weblayoutpro.com/webplateone/gatre/assets/images/about/about-v3-img2.png]
[html.weblayoutpro.com/webplateone/gatre/assets/images/shapes/video-v1-shape1.png]
[html.weblayoutpro.com/webplateone/gatre/assets/images/backgrounds/video-v1-bg.jpg]
[html.weblayoutpro.com/webplateone/gatre/assets/images/project/portfolio-v2-img1.jpg]
[html.weblayoutpro.com/webplateone/gatre/assets/images/project/portfolio-v2-img2.jpg]
[html.weblayoutpro.com/webplateone/gatre/assets/images/project/portfolio-v2-img3.jpg]
[html.weblayoutpro.com/webplateone/gatre/assets/images/shapes/work-process-v1-shape1.png]
[html.weblayoutpro.com/webplateone/gatre/assets/images/resources/contact-v2-img1.jpg]
[html.weblayoutpro.com/webplateone/gatre/assets/images/team/team-v2-img1.jpg]
[html.weblayoutpro.com/webplateone/gatre/assets/images/team/team-v2-img2.jpg]
[html.weblayoutpro.com/webplateone/gatre/assets/images/team/team-v2-img3.jpg]
[html.weblayoutpro.com/webplateone/gatre/assets/images/team/team-v2-img4.jpg]
[html.weblayoutpro.com/webplateone/gatre/assets/images/testimonial/testimonials-v3-img1.jpg]
[html.weblayoutpro.com/webplateone/gatre/assets/images/testimonial/testimonials-v3-img2.jpg]
[html.weblayoutpro.com/webplateone/gatre/assets/images/testimonial/testimonials-v3-img3.jpg]
[html.weblayoutpro.com/webplateone/gatre/assets/images/blog/blog-v3-img1.jpg]
[html.weblayoutpro.com/webplateone/gatre/assets/images/blog/blog-v3-img2.jpg]
[html.weblayoutpro.com/webplateone/gatre/assets/images/blog/blog-v3-img3.jpg]
[html.weblayoutpro.com/webplateone/gatre/assets/images/backgrounds/footer-top-bg3.jpg]
[html.weblayoutpro.com/webplateone/gatre/index-3.html]
[html.weblayoutpro.com/webplateone/gatre/about.html]
[html.weblayoutpro.com/webplateone/gatre/services.html]
[html.weblayoutpro.com/webplateone/gatre/assets/images/resources/services-details-img1.jpg]
[html.weblayoutpro.com/webplateone/gatre/window-cleaning.html]
[html.weblayoutpro.com/webplateone/gatre/assets/images/resources/services-details-img5.jpg]
[html.weblayoutpro.com/webplateone/gatre/house-cleaning.html]
[html.weblayoutpro.com/webplateone/gatre/assets/images/resources/services-details-img6.jpg]
[html.weblayoutpro.com/webplateone/gatre/carpet-cleaning.html]
[html.weblayoutpro.com/webplateone/gatre/assets/images/resources/services-details-img7.jpg]
[html.weblayoutpro.com/webplateone/gatre/kitchen-cleaning.html]
[html.weblayoutpro.com/webplateone/gatre/assets/images/resources/job-v1-bg.jpg]
[html.weblayoutpro.com/webplateone/gatre/team.html]
[html.weblayoutpro.com/webplateone/gatre/assets/images/resources/team-details-img1.jpg]
[html.weblayoutpro.com/webplateone/gatre/assets/images/resources/team-details-img2.jpg]
[html.weblayoutpro.com/webplateone/gatre/team-details.html]
[html.weblayoutpro.com/webplateone/gatre/assets/images/project/portfolio-v3-img1.jpg]
[html.weblayoutpro.com/webplateone/gatre/assets/images/project/portfolio-v3-img2.jpg]
[html.weblayoutpro.com/webplateone/gatre/assets/images/project/portfolio-v3-img3.jpg]
[html.weblayoutpro.com/webplateone/gatre/assets/images/project/portfolio-v3-img4.jpg]
[html.weblayoutpro.com/webplateone/gatre/assets/images/project/portfolio-v3-img5.jpg]
[html.weblayoutpro.com/webplateone/gatre/assets/images/project/portfolio-v3-img6.jpg]
[html.weblayoutpro.com/webplateone/gatre/project.html]
[html.weblayoutpro.com/webplateone/gatre/assets/images/resources/appointment-page-img1.jpg]
[html.weblayoutpro.com/webplateone/gatre/appointment.html]
[html.weblayoutpro.com/webplateone/gatre/assets/images/shop/poroduct-v1-img4.png]
[html.weblayoutpro.com/webplateone/gatre/assets/images/shop/poroduct-v1-img5.png]
[html.weblayoutpro.com/webplateone/gatre/assets/images/shop/poroduct-v1-img6.png]
[html.weblayoutpro.com/webplateone/gatre/assets/images/shop/poroduct-v1-img7.png]
[html.weblayoutpro.com/webplateone/gatre/assets/images/shop/poroduct-v1-img8.png]
[html.weblayoutpro.com/webplateone/gatre/assets/images/shop/poroduct-v1-img9.png]
[html.weblayoutpro.com/webplateone/gatre/assets/images/shop/poroduct-v1-img10.png]
[html.weblayoutpro.com/webplateone/gatre/assets/images/shop/poroduct-v1-img11.png]
[html.weblayoutpro.com/webplateone/gatre/assets/images/shop/poroduct-v1-img12.png]
[html.weblayoutpro.com/webplateone/gatre/assets/images/resources/shop-page__sidebar-img1.png]
[html.weblayoutpro.com/webplateone/gatre/assets/images/resources/shop-page__sidebar-img2.png]
[html.weblayoutpro.com/webplateone/gatre/assets/images/resources/shop-page__sidebar-img3.png]
[html.weblayoutpro.com/webplateone/gatre/shop.html]
[html.weblayoutpro.com/webplateone/gatre/assets/images/resources/shop-details-img1.jpg]
[html.weblayoutpro.com/webplateone/gatre/assets/images/resources/review-img1.jpg]
[html.weblayoutpro.com/webplateone/gatre/assets/images/resources/review-img2.jpg]
[html.weblayoutpro.com/webplateone/gatre/assets/vendors/countdown/countdown.min.js]
[html.weblayoutpro.com/webplateone/gatre/assets/vendors/touch-spin/jquery.bootstrap-touchspin.js]
[html.weblayoutpro.com/webplateone/gatre/shop-details.html]
[html.weblayoutpro.com/webplateone/gatre/assets/vendors/imp/imp.css]
[html.weblayoutpro.com/webplateone/gatre/assets/images/resources/cart-page-img1.jpg]
[html.weblayoutpro.com/webplateone/gatre/assets/images/resources/cart-page-img2.jpg]
[html.weblayoutpro.com/webplateone/gatre/assets/images/resources/cart-page-img3.jpg]
[html.weblayoutpro.com/webplateone/gatre/cart.html]
[html.weblayoutpro.com/webplateone/gatre/assets/images/resources/checkout-page-img1.jpg]
[html.weblayoutpro.com/webplateone/gatre/checkout.html]
[html.weblayoutpro.com/webplateone/gatre/my-account.html]
[html.weblayoutpro.com/webplateone/gatre/assets/images/blog/blog-page-img1.jpg]
[html.weblayoutpro.com/webplateone/gatre/assets/images/blog/blog-page-img2.jpg]
[html.weblayoutpro.com/webplateone/gatre/assets/images/blog/blog-page-img3.jpg]
[html.weblayoutpro.com/webplateone/gatre/assets/images/blog/blog-page-img4.jpg]
[html.weblayoutpro.com/webplateone/gatre/assets/images/blog/blog-page-img5.jpg]
[html.weblayoutpro.com/webplateone/gatre/assets/images/resources/sidebar__news-img1.jpg]
[html.weblayoutpro.com/webplateone/gatre/assets/images/resources/sidebar__news-img2.jpg]
[html.weblayoutpro.com/webplateone/gatre/assets/images/resources/sidebar__news-img3.jpg]
[html.weblayoutpro.com/webplateone/gatre/blog.html]
[html.weblayoutpro.com/webplateone/gatre/assets/images/resources/blog-details-img1.jpg]
[html.weblayoutpro.com/webplateone/gatre/assets/images/resources/blog-details-img2.jpg]
[html.weblayoutpro.com/webplateone/gatre/assets/images/resources/blog-details-img3.jpg]
[html.weblayoutpro.com/webplateone/gatre/assets/images/resources/author-img1.jpg]
[html.weblayoutpro.com/webplateone/gatre/assets/images/blog/comment-img1.jpg]
[html.weblayoutpro.com/webplateone/gatre/assets/images/blog/comment-img2.jpg]
[html.weblayoutpro.com/webplateone/gatre/blog-details.html]
[html.weblayoutpro.com/webplateone/gatre/contact.html]
[html.weblayoutpro.com/webplateone/gatre/assets/vendors/images/icon/bx_loader.html]
[html.weblayoutpro.com/webplateone/gatre/assets/vendors/img/bx-slider/controls.html]
[html.weblayoutpro.com/webplateone/gatre/assets/vendors/fontawesome/webfonts/fa-brands-400.svg]
[html.weblayoutpro.com/webplateone/gatre/assets/vendors/fontawesome/webfonts/fa-regular-400.svg]
[html.weblayoutpro.com/webplateone/gatre/assets/vendors/fontawesome/webfonts/fa-solid-900.svg]
[html.weblayoutpro.com/webplateone/gatre/assets/vendors/owl-carousel/owl.video.play.html]
[html.weblayoutpro.com/webplateone/gatre/assets/vendors/timepicker/images/ui-icons_444444_256x240.html]
[html.weblayoutpro.com/webplateone/gatre/assets/vendors/vegas/overlays/02.html]
[html.weblayoutpro.com/webplateone/gatre/assets/vendors/thm-icons/fonts/icomoon78ed.svg]
[html.weblayoutpro.com/webplateone/gatre/assets/css/color-1.css]
[html.weblayoutpro.com/webplateone/gatre/assets/css/color-2.css]
[html.weblayoutpro.com/webplateone/gatre/assets/vendors/imp/imp.css]
[html.weblayoutpro.com/webplateone/gatre/assets/vendors/images/icon/lightbox-close.html]
